---
source: cargo-public-api/tests/cargo-public-api-bin-tests.rs
expression: stdout
---
Removed items from the public API
=================================
-pub fn example_api::function(v1_param: example_api::Struct, v2_param: usize)

Changed items in the public API
===============================
(none)

Added items to the public API
=============================
(none)
